node.exe : npm warn Unknown env config "verify-deps-before-run". This will 
stop working in the next major version of npm.
At C:\Users\Areef\AppData\Roaming\npm\pnpm.ps1:24 char:5
+     & "node$exe"  "$basedir/node_modules/pnpm/bin/pnpm.cjs" $args
+     ~~~~~~~~~~~~~~~~~~~~~~~~~~~~~~~~~~~~~~~~~~~~~~~~~~~~~~~~~~~~~
    + CategoryInfo          : NotSpecified: (npm warn Unknow...version of npm. 
   :String) [], RemoteException
    + FullyQualifiedErrorId : NativeCommandError
 
npm warn Unknown env config "verify-deps-before-run". This will stop working 
in the next major version of npm.
npm warn Unknown env config "verify-deps-before-run". This will stop working 
in the next major version of npm.
npm warn Unknown env config "verify-deps-before-run". This will stop working 
in the next major version of npm.
npm warn Unknown env config "verify-deps-before-run". This will stop working 
in the next major version of npm.

[2m> [22m[2mnx run[22m api:build:development

Compiling TypeScript files for project "api"...
Done compiling TypeScript files for project "api".

[2m[32m[39m[22m

[7m[1m[32m NX [39m[22m[27m  [32mSuccessfully ran target [1mbuild[22m for project api[39m


